// Jest Snapshot v1, https://goo.gl/fbAQLP

exports[`\`snyk-api-import help <...>\` Shows help text as expected 1`] = `
"index.js

Kick off API powered import

Commands:
  index.js import     Kick off API powered import         [default] [aliases: i]
  index.js orgs:data  Generate data required for Orgs to be created via API by
                      mirroring a given source.


Options:
  --version  Show version number                                       [boolean]
  --help     Show help                                                 [boolean]"
`;
