// Jest Snapshot v1, https://goo.gl/fbAQLP

exports[`\`snyk-api-import mirror <...>\` Shows help text as expected 1`] = `
"index.js mirror

mirror the 3 commands: orgs:data, orgs:create and import. Get the data from the
source, create matching organisation into snyk and import the data

Options:
  --version              Show version number                           [boolean]
  --help                 Show help                                     [boolean]
  --snykGroupId          Public id of the group in Snyk (available on group
                         settings)                                    [required]
  --source               The source of the targets to be imported e.g. Github,
                         Github Enterprise, Gitlab, Azure. This will be used to
                         make an API call to list all available entities per org
    [required] [choices: \\"github\\", \\"github-enterprise\\", \\"gitlab\\", \\"azure-repos\\",
                      \\"bitbucket-server\\", \\"bitbucket-cloud\\"] [default: \\"github\\"]
  --sourceUrl            Custom base url for the source API that can list
                         organizations (e.g. Github Enterprise url)
  --snykIntegrationName  The configured integration type on the created Snyk Org
                         to use for generating import targets data. Applies to
                         all targets.
               [choices: \\"github\\", \\"github-enterprise\\", \\"gitlab\\", \\"azure-repos\\",
                                          \\"bitbucket-server\\", \\"bitbucket-cloud\\"]
  --sourceOrgPublicId    Public id of the organization in Snyk that can be used
                         as a template to copy all supported organization
                         settings.
"
`;
