// Jest Snapshot v1, https://goo.gl/fbAQLP

exports[`\`snyk-api-import help <...>\` Shows help text as expected 1`] = `
"index.js orgs:create

Create the Orgs in Snyk based on data file generated with \`orgs:data\` command

Options:
  --version           Show version number                              [boolean]
  --help              Show help                                        [boolean]
  --file              Path to data file generated with \`orgs:data\` command
                                                                      [required]
  --noDuplicateNames  Skip creating an org if the given name is already taken
                      within the Group."
`;
