// Jest Snapshot v1, https://goo.gl/fbAQLP

exports[`\`snyk-api-import help <...>\` Shows help text as expected 1`] = `
"index.js sync

Sync targets (e.g. repos) and their projects between Snyk and SCM for a given
organization. Actions include:
- updating monitored branch in Snyk to match the default branch from SCM

Options:
  --version      Show version number                                   [boolean]
  --help         Show help                                             [boolean]
  --orgPublicId  Public id of the organization in Snyk that will be updated
                                                                      [required]
  --sourceUrl    Custom base url for the source API that can list organizations
                 (e.g. Github Enterprise url)
  --source       List of sources to be synced e.g. Github, Github Enterprise,
                 Gitlab, Bitbucket Server, Bitbucket Cloud
                              [required] [choices: \\"github\\"] [default: \\"github\\"]
  --dryRun       Dry run option. Will create a log file listing the potential
                 updates                                        [default: false]"
`;
